eclipse-master-@buildId@.zip=file:${buildDirectory}/${buildLabel}/ | | | runtime | full
org.eclipse.equinox.executable_@buildId@.zip=file:${buildDirectory}/${buildLabel}/ | | | runtime | delta-pack

master-root-@buildId@.zip=file:${buildDirectory}/${buildLabel}/ | | eclipse/ | runtime | root
master-root-launcher-@buildId@.zip=file:${buildDirectory}/${buildLabel}/ | | eclipse/ | runtime | root-launcher

#eclipse launcher 
master-root-launcher-win32.win32.x86.@buildId@.zip=file:${buildDirectory}/${buildLabel}/ | win32,win32,x86 | eclipse/ | runtime | root-launcher
master-root-launcher-win32.win32.x86_64.@buildId@.zip=file:${buildDirectory}/${buildLabel}/ | win32,win32,x86_64 | eclipse/ | runtime | root-launcher
master-root-launcher-win32.wpf.x86.@buildId@.zip=file:${buildDirectory}/${buildLabel}/ | win32,wpf,x86 | eclipse/ | runtime | root-launcher
master-root-launcher-linux.gtk.x86.@buildId@.zip=file:${buildDirectory}/${buildLabel}/ | linux,gtk,x86 | eclipse/ | runtime | root-launcher
master-root-launcher-linux.gtk.x86_64.@buildId@.zip=file:${buildDirectory}/${buildLabel}/ | linux,gtk,x86_64 | eclipse/ | runtime | root-launcher
master-root-launcher-linux.gtk.ppc.@buildId@.zip=file:${buildDirectory}/${buildLabel}/ | linux,gtk,ppc | eclipse/ | runtime | root-launcher
master-root-launcher-linux.motif.x86.@buildId@.zip=file:${buildDirectory}/${buildLabel}/ | linux,motif,x86 | eclipse/ | runtime | root-launcher
master-root-launcher-hpux.motif.ia64_32.@buildId@.zip=file:${buildDirectory}/${buildLabel}/ | hpux,motif,ia64_32 | eclipse/ | runtime | root-launcher
master-root-launcher-solaris.gtk.sparc.@buildId@.zip=file:${buildDirectory}/${buildLabel}/ | solaris,gtk,sparc | eclipse/ | runtime | root-launcher
master-root-launcher-aix.motif.ppc.@buildId@.zip=file:${buildDirectory}/${buildLabel}/ | aix,motif,ppc | eclipse/ | runtime | root-launcher
master-root-launcher-macosx.carbon.ppc.@buildId@.zip=file:${buildDirectory}/${buildLabel}/ | macosx,carbon,ppc & macosx,carbon,x86| eclipse/ | runtime | root-launcher

#primarily contain configuration directories
master-root-sdk-win32.win32.x86.@buildId@.zip=file:${buildDirectory}/${buildLabel}/ | win32,win32,x86 | eclipse/ | runtime | root-sdk
master-root-sdk-win32.win32.x86_64.@buildId@.zip=file:${buildDirectory}/${buildLabel}/ | win32,win32,x86_64 | eclipse/ | runtime | root-sdk
master-root-sdk-win32.wpf.x86.@buildId@.zip=file:${buildDirectory}/${buildLabel}/ | win32,wpf,x86 | eclipse/ | runtime | root-sdk
master-root-sdk-linux.gtk.x86.@buildId@.zip=file:${buildDirectory}/${buildLabel}/ | linux,gtk,x86 | eclipse/ | runtime | root-sdk
master-root-sdk-linux.gtk.x86_64.@buildId@.zip=file:${buildDirectory}/${buildLabel}/ | linux,gtk,x86_64 | eclipse/ | runtime | root-sdk
master-root-sdk-linux.gtk.ppc.@buildId@.zip=file:${buildDirectory}/${buildLabel}/ | linux,gtk,ppc | eclipse/ | runtime | root-sdk
master-root-sdk-linux.motif.x86.@buildId@.zip=file:${buildDirectory}/${buildLabel}/ | linux,motif,x86 | eclipse/ | runtime | root-sdk
#master-root-sdk-solaris.motif.sparc.@buildId@.zip=file:${buildDirectory}/${buildLabel}/ | solaris,motif,sparc | eclipse/ | runtime | root-sdk
master-root-sdk-hpux.motif.ia64_32.@buildId@.zip=file:${buildDirectory}/${buildLabel}/ | hpux,motif,ia64_32 | eclipse/ | runtime | root-sdk
master-root-sdk-solaris.gtk.sparc.@buildId@.zip=file:${buildDirectory}/${buildLabel}/ | solaris,gtk,sparc | eclipse/ | runtime | root-sdk
master-root-sdk-aix.motif.ppc.@buildId@.zip=file:${buildDirectory}/${buildLabel}/ | aix,motif,ppc | eclipse/ | runtime | root-sdk
master-root-sdk-macosx.carbon.ppc.@buildId@.zip=file:${buildDirectory}/${buildLabel}/ | macosx,carbon,ppc & macosx,carbon,x86| eclipse/ | runtime | root-sdk

master-root-platform-win32.win32.x86.@buildId@.zip=file:${buildDirectory}/${buildLabel}/ | win32,win32,x86 | eclipse/ | runtime | root-platform
master-root-platform-win32.win32.x86_64.@buildId@.zip=file:${buildDirectory}/${buildLabel}/ | win32,win32,x86_64 | eclipse/ | runtime | root-platform
master-root-platform-win32.wpf.x86.@buildId@.zip=file:${buildDirectory}/${buildLabel}/ | win32,wpf,x86 | eclipse/ | runtime | root-platform
master-root-platform-linux.gtk.x86.@buildId@.zip=file:${buildDirectory}/${buildLabel}/ | linux,gtk,x86 | eclipse/ | runtime | root-platform
master-root-platform-linux.gtk.x86_64.@buildId@.zip=file:${buildDirectory}/${buildLabel}/ | linux,gtk,x86_64 | eclipse/ | runtime | root-platform
master-root-platform-linux.gtk.ppc.@buildId@.zip=file:${buildDirectory}/${buildLabel}/ | linux,gtk,ppc | eclipse/ | runtime | root-platform
master-root-platform-linux.motif.x86.@buildId@.zip=file:${buildDirectory}/${buildLabel}/ | linux,motif,x86 | eclipse/ | runtime | root-platform
#master-root-platform-solaris.motif.sparc.@buildId@.zip=file:${buildDirectory}/${buildLabel}/ | solaris,motif,sparc | eclipse/ | runtime | root-platform
master-root-platform-hpux.motif.ia64_32.@buildId@.zip=file:${buildDirectory}/${buildLabel}/ | hpux,motif,ia64_32 | eclipse/ | runtime | root-platform
master-root-platform-solaris.gtk.sparc.@buildId@.zip=file:${buildDirectory}/${buildLabel}/ | solaris,gtk,sparc | eclipse/ | runtime | root-platform
master-root-platform-aix.motif.ppc.@buildId@.zip=file:${buildDirectory}/${buildLabel}/ | aix,motif,ppc | eclipse/ | runtime | root-platform
master-root-platform-macosx.carbon.ppc.@buildId@.zip=file:${buildDirectory}/${buildLabel}/ | macosx,carbon,ppc & macosx,carbon,x86| eclipse/ | runtime | root-platform

master-root-rcp-@buildId@.zip=file:${buildDirectory}/${buildLabel}/ | | eclipse/ | runtime | root-rcp

master-root-examples-@buildId@.zip=file:${buildDirectory}/${buildLabel}/ | | eclipse/ | runtime | root-examples