eclipse-master-@buildId@.zip=file:${buildDirectory}/${buildLabel}/ | | | runtime | full
org.eclipse.platform.launchers_3.1.0.zip=file:${buildDirectory}/features/org.eclipse.platform.launchers | | eclipse/ | runtime | delta-pack

master-root-@buildId@.zip=file:${buildDirectory}/${buildLabel}/ | | | runtime | root
master-root-launcher-@buildId@.zip=file:${buildDirectory}/${buildLabel}/ | | | runtime | root-launcher

#eclipse launcher, startup.jar
master-root-launcher-win32.win32.x86.@buildId@.zip=file:${buildDirectory}/${buildLabel}/ | win32,win32,x86 | | runtime | root-launcher
master-root-launcher-linux.gtk.x86.@buildId@.zip=file:${buildDirectory}/${buildLabel}/ | linux,gtk,x86 | | runtime | root-launcher
master-root-launcher-linux.gtk.x86_64.@buildId@.zip=file:${buildDirectory}/${buildLabel}/ | linux,gtk,x86_64 | | runtime | root-launcher
master-root-launcher-linux.gtk.ppc.@buildId@.zip=file:${buildDirectory}/${buildLabel}/ | linux,gtk,ppc | | runtime | root-launcher
master-root-launcher-linux.motif.x86.@buildId@.zip=file:${buildDirectory}/${buildLabel}/ | linux,motif,x86 | | runtime | root-launcher
master-root-launcher-solaris.motif.sparc.@buildId@.zip=file:${buildDirectory}/${buildLabel}/ | solaris,motif,sparc | | runtime | root-launcher
master-root-launcher-solaris.gtk.sparc.@buildId@.zip=file:${buildDirectory}/${buildLabel}/ | solaris,gtk,sparc | | runtime | root-launcher
master-root-launcher-aix.motif.ppc.@buildId@.zip=file:${buildDirectory}/${buildLabel}/ | aix,motif,ppc | | runtime | root-launcher
master-root-launcher-hpux.motif.PA_RISC.@buildId@.zip=file:${buildDirectory}/${buildLabel}/ | hpux,motif,PA_RISC | | runtime | root-launcher
master-root-launcher-macosx.carbon.ppc.@buildId@.zip=file:${buildDirectory}/${buildLabel}/ | macosx,carbon,ppc| | runtime | root-launcher

#primarily contain configuration directories
master-root-sdk-win32.win32.x86.@buildId@.zip=file:${buildDirectory}/${buildLabel}/ | win32,win32,x86 | | runtime | root-sdk
master-root-sdk-linux.gtk.x86.@buildId@.zip=file:${buildDirectory}/${buildLabel}/ | linux,gtk,x86 | | runtime | root-sdk
master-root-sdk-linux.gtk.x86_64.@buildId@.zip=file:${buildDirectory}/${buildLabel}/ | linux,gtk,x86_64 | | runtime | root-sdk
master-root-sdk-linux.gtk.ppc.@buildId@.zip=file:${buildDirectory}/${buildLabel}/ | linux,gtk,ppc | | runtime | root-sdk
master-root-sdk-linux.motif.x86.@buildId@.zip=file:${buildDirectory}/${buildLabel}/ | linux,motif,x86 | | runtime | root-sdk
master-root-sdk-solaris.motif.sparc.@buildId@.zip=file:${buildDirectory}/${buildLabel}/ | solaris,motif,sparc | | runtime | root-sdk
master-root-sdk-solaris.gtk.sparc.@buildId@.zip=file:${buildDirectory}/${buildLabel}/ | solaris,gtk,sparc | | runtime | root-sdk
master-root-sdk-aix.motif.ppc.@buildId@.zip=file:${buildDirectory}/${buildLabel}/ | aix,motif,ppc | | runtime | root-sdk
master-root-sdk-hpux.motif.PA_RISC.@buildId@.zip=file:${buildDirectory}/${buildLabel}/ | hpux,motif,PA_RISC | | runtime | root-sdk
master-root-sdk-macosx.carbon.ppc.@buildId@.zip=file:${buildDirectory}/${buildLabel}/ | macosx,carbon,ppc| | runtime | root-sdk

master-root-platform-win32.win32.x86.@buildId@.zip=file:${buildDirectory}/${buildLabel}/ | win32,win32,x86 | | runtime | root-platform
master-root-platform-linux.gtk.x86.@buildId@.zip=file:${buildDirectory}/${buildLabel}/ | linux,gtk,x86 | | runtime | root-platform
master-root-platform-linux.gtk.x86_64.@buildId@.zip=file:${buildDirectory}/${buildLabel}/ | linux,gtk,x86_64 | | runtime | root-platform
master-root-platform-linux.gtk.ppc.@buildId@.zip=file:${buildDirectory}/${buildLabel}/ | linux,gtk,ppc | | runtime | root-platform
master-root-platform-linux.motif.x86.@buildId@.zip=file:${buildDirectory}/${buildLabel}/ | linux,motif,x86 | | runtime | root-platform
master-root-platform-solaris.motif.sparc.@buildId@.zip=file:${buildDirectory}/${buildLabel}/ | solaris,motif,sparc | | runtime | root-platform
master-root-platform-solaris.gtk.sparc.@buildId@.zip=file:${buildDirectory}/${buildLabel}/ | solaris,gtk,sparc | | runtime | root-platform
master-root-platform-aix.motif.ppc.@buildId@.zip=file:${buildDirectory}/${buildLabel}/ | aix,motif,ppc | | runtime | root-platform
master-root-platform-hpux.motif.PA_RISC.@buildId@.zip=file:${buildDirectory}/${buildLabel}/ | hpux,motif,PA_RISC | | runtime | root-platform
master-root-platform-macosx.carbon.ppc.@buildId@.zip=file:${buildDirectory}/${buildLabel}/ | macosx,carbon,ppc| | runtime | root-platform

master-root-rcp-@buildId@.zip=file:${buildDirectory}/${buildLabel}/ ||| runtime | root-rcp
