org.eclipse.platform.launchers_3.1.0.zip=file:${packagingInfo}/ | | eclipse/ | runtime | launchers
eclipse-SDK-${buildId}-win32.zip=file:${postingDirectory}/${buildLabel}/ |  | | sdk | eclipse
eclipse-SDK-${buildId}-linux-gtk.tar.gz=file:${postingDirectory}/${buildLabel}/ |  | | sdk | eclipse
eclipse-SDK-${buildId}-linux-motif.tar.gz=file:${postingDirectory}/${buildLabel}/ | | | sdk | eclipse
eclipse-SDK-${buildId}-solaris-motif.zip=file:${postingDirectory}/${buildLabel}/  |  | | sdk | eclipse
eclipse-SDK-${buildId}-aix-motif.zip=file:${postingDirectory}/${buildLabel}/  | | | sdk |  eclipse
eclipse-SDK-${buildId}-hpux-motif.zip=file:${postingDirectory}/${buildLabel}/  |  | | sdk |  eclipse
eclipse-SDK-${buildId}-solaris-gtk.zip=file:${postingDirectory}/${buildLabel}/  |  | | sdk |  eclipse
eclipse-SDK-${buildId}-macosx-carbon.tar.gz=file:${postingDirectory}/${buildLabel}/  |  | | sdk |  eclipse
eclipse-SDK-${buildId}-linux-gtk-x86_64.tar.gz=file:${postingDirectory}/${buildLabel}/  |  | | sdk |  eclipse
eclipse-SDK-${buildId}-linux-gtk-ppc.tar.gz=file:${postingDirectory}/${buildLabel}/  |  | | sdk |  eclipse