org.eclipse.launchers_3.1.0.bin.dist.zip=file:${buildDirectory}/features/org.eclipse.launchers/ | | eclipse/ | runtime | launchers
eclipse-SDK-${buildId}-win32.zip=file:${postingDirectory}/${buildLabel}/ |  | | sdk | eclipse
eclipse-SDK-${buildId}-linux-gtk.tar.gz=file:${postingDirectory}/${buildLabel}/ |  | | sdk | eclipse
eclipse-SDK-${buildId}-linux-motif.tar.gz=file:${postingDirectory}/${buildLabel}/ | | | sdk | eclipse
eclipse-SDK-${buildId}-solaris-motif.tar.gz=file:${postingDirectory}/${buildLabel}/  |  | | sdk | eclipse
eclipse-SDK-${buildId}-aix-motif.tar.gz=file:${postingDirectory}/${buildLabel}/  | | | sdk |  eclipse
eclipse-SDK-${buildId}-hpux-motif.tar.gz=file:${postingDirectory}/${buildLabel}/  |  | | sdk |  eclipse
eclipse-SDK-${buildId}-solaris-gtk.tar.gz=file:${postingDirectory}/${buildLabel}/  |  | | sdk |  eclipse
eclipse-SDK-${buildId}-macosx-carbon.tar.gz=file:${postingDirectory}/${buildLabel}/  |  | | sdk |  eclipse
eclipse-SDK-${buildId}-linux-gtk-amd64.tar.gz=file:${postingDirectory}/${buildLabel}/  |  | | sdk |  eclipse